[22:10:25] sr1-hub-run: chromium=Chrome/151.0.7922.137 base=http://localhost:8123 root=/home/vgpnk/Projects/MAKEARMORGAMESGREATAGAIN-kimi
[22:10:25] hub: cards -> games/boxhead/ games/impossible-game/ games/burger-tycoon/ games/chicken-invaders/ games/cluck-horizon/ games/swords-and-sandals/ hardest/
[22:10:25] hub: 7 cards=PASS; serve hint hidden over http=PASS
[22:10:25] screenshot -> sr1-hub.png
[22:10:25] hub: console errors (favicon whitelisted): 0; non-local requests: 0
[22:10:25] == boxhead: click card games/boxhead/
[22:10:25] link click -> http://localhost:8123/games/boxhead/ (canvas in DOM: true) PASS
[22:10:26] boot: state=title
[22:10:27] REAL KEYS (Space,1,1): state=playing mode=solo room=open-yard wave=1 PASS
[22:10:28] solo run live: wave=1
[22:10:28] screenshot -> sr1-hub-boxhead.png
[22:10:28] boxhead: boot+interaction PASS; errors this game=0; non-local this game=0; non-favicon 4xx=0
[22:10:29] == impossible-game: click card games/impossible-game/
[22:10:29] link click -> http://localhost:8123/games/impossible-game/ (canvas in DOM: true) PASS
[22:10:29] REAL CLICK (PLAY): mode=run y=396.0
[22:10:30] REAL KEY (Space): jump y 396.0 -> min 250.8 PASS
[22:10:30] screenshot -> sr1-hub-impossible-game.png
[22:10:30] impossible-game: boot+interaction PASS; errors this game=0; non-local this game=0; non-favicon 4xx=0
[22:10:30] == burger-tycoon: click card games/burger-tycoon/
[22:10:30] link click -> http://localhost:8123/games/burger-tycoon/ (canvas in DOM: true) PASS
[22:10:31] screenshot -> sr1-hub-burger-tycoon-title.png
[22:10:32] REAL CLICK (farm: sow): crops 20 -> 36 PASS
[22:10:32] screenshot -> sr1-hub-burger-tycoon.png
[22:10:32] burger-tycoon: boot+interaction PASS; errors this game=0; non-local this game=0; non-favicon 4xx=0
[22:10:32] == chicken-invaders: click card games/chicken-invaders/
[22:10:32] link click -> http://localhost:8123/games/chicken-invaders/ (canvas in DOM: true) PASS
[22:10:32] boot: mode=title pack=replica
[22:10:33] REAL CLICK (START): mode=play chapter=1 wave=1 PASS
[22:10:34] wave live: wave=1 chickens=12
[22:10:34] screenshot -> sr1-hub-chicken-invaders.png
[22:10:34] chicken-invaders: boot+interaction PASS; errors this game=0; non-local this game=0; non-favicon 4xx=0
[22:10:35] == cluck-horizon: click card games/cluck-horizon/
[22:10:35] link click -> http://localhost:8123/games/cluck-horizon/ (canvas in DOM: true) PASS
[22:10:35] boot: mode=title pack=cluck
[22:10:36] REAL CLICK (START): mode=play chapter=1 wave=1 PASS
[22:10:37] wave live: wave=1 chickens=12
[22:10:37] screenshot -> sr1-hub-cluck-horizon.png
[22:10:37] cluck-horizon: boot+interaction PASS; errors this game=0; non-local this game=0; non-favicon 4xx=0
[22:10:37] == swords-and-sandals: click card games/swords-and-sandals/
[22:10:38] link click -> http://localhost:8123/games/swords-and-sandals/ (canvas in DOM: true) PASS
[22:10:38] boot: mode=title
[22:10:38] REAL CLICK (New Gladiator): mode=create
[22:10:39] REAL INPUT (typed name=KIMI, 6x strength+): "strength: 8 +"
[22:10:39] REAL CLICK (Enter the Arena): mode=hub PASS
[22:10:39] REAL CLICK (Start First Bout): mode=arena opponentHp=34 PASS
[22:10:40] screenshot -> sr1-hub-swords-and-sandals.png
[22:10:40] swords-and-sandals: boot+interaction PASS; errors this game=0; non-local this game=0; non-favicon 4xx=0
[22:10:40] == hardest: click card hardest/
[22:10:40] link click -> http://localhost:8123/hardest/ (canvas in DOM: true) PASS
[22:10:40] boot: screen=menu levels=114 unlocked=1
[22:10:41] REAL KEY (Enter): screen=play level=1 PASS
[22:10:42] screenshot -> sr1-hub-hardest.png
[22:10:42] hardest: boot+interaction PASS; errors this game=0; non-local this game=0; non-favicon 4xx=0
[22:10:42] file://: renders, cards=7, serve hint shown=true PASS
[22:10:42] screenshot -> sr1-hub-file.png
[22:10:42] console errors total (favicon whitelisted): 0; non-local requests total: 0
[22:10:42] sr1-hub-run: PASS
